height: 766
randomNodeHeight: 765
randomNodeIp: 127.0.0.1
