-
    filesystem: /dev/disk1s1
    size: 499963174912
    used: 11290525696
    available: 19293650944
    capacity: 0.37
    mountpoint: /
-
    filesystem: devfs
    size: 194560
    used: 194560
    available: 0
    capacity: 1
    mountpoint: /dev
