url: /log/archived/2020-12-14_17-38-00.log.gz
filename: 2020-12-14_17-38-00.log.gz
