- aws
- azure
- digitalocean
- google
- hetzner
- linode
- netcup
- ovh
- vultr
- other
