-
    name: 1-102
    size: 69
-
    name: 1-51
    size: 55
-
    name: 1-52
    size: 38
